  Determining projects to restore...
  All projects are up-to-date for restore.
C:\Users\joshu\.gemini\antigravity\scratch\ExpenseTracker\obj\Debug\net10.0\Microsoft.CodeAnalysis.Razor.Compiler\Microsoft.NET.Sdk.Razor.SourceGenerators.RazorSourceGenerator\Views_Home_Index_cshtml.g.cs(347,13): error CS8802: Only one compilation unit can have top-level statements. [C:\Users\joshu\.gemini\antigravity\scratch\ExpenseTracker\ExpenseTracker.csproj]
C:\Users\joshu\.gemini\antigravity\scratch\ExpenseTracker\obj\Debug\net10.0\Microsoft.CodeAnalysis.Razor.Compiler\Microsoft.NET.Sdk.Razor.SourceGenerators.RazorSourceGenerator\Views_Home_Index_cshtml.g.cs(829,87): error CS0116: A namespace cannot directly contain members such as fields, methods or statements [C:\Users\joshu\.gemini\antigravity\scratch\ExpenseTracker\ExpenseTracker.csproj]
C:\Users\joshu\.gemini\antigravity\scratch\ExpenseTracker\obj\Debug\net10.0\Microsoft.CodeAnalysis.Razor.Compiler\Microsoft.NET.Sdk.Razor.SourceGenerators.RazorSourceGenerator\Views_Home_Index_cshtml.g.cs(833,60): error CS0116: A namespace cannot directly contain members such as fields, methods or statements [C:\Users\joshu\.gemini\antigravity\scratch\ExpenseTracker\ExpenseTracker.csproj]
C:\Users\joshu\.gemini\antigravity\scratch\ExpenseTracker\obj\Debug\net10.0\Microsoft.CodeAnalysis.Razor.Compiler\Microsoft.NET.Sdk.Razor.SourceGenerators.RazorSourceGenerator\Views_Home_Index_cshtml.g.cs(837,70): error CS0116: A namespace cannot directly contain members such as fields, methods or statements [C:\Users\joshu\.gemini\antigravity\scratch\ExpenseTracker\ExpenseTracker.csproj]
C:\Users\joshu\.gemini\antigravity\scratch\ExpenseTracker\obj\Debug\net10.0\Microsoft.CodeAnalysis.Razor.Compiler\Microsoft.NET.Sdk.Razor.SourceGenerators.RazorSourceGenerator\Views_Home_Index_cshtml.g.cs(841,71): error CS0116: A namespace cannot directly contain members such as fields, methods or statements [C:\Users\joshu\.gemini\antigravity\scratch\ExpenseTracker\ExpenseTracker.csproj]
C:\Users\joshu\.gemini\antigravity\scratch\ExpenseTracker\obj\Debug\net10.0\Microsoft.CodeAnalysis.Razor.Compiler\Microsoft.NET.Sdk.Razor.SourceGenerators.RazorSourceGenerator\Views_Home_Index_cshtml.g.cs(338,13): error CS1520: Method must have a return type [C:\Users\joshu\.gemini\antigravity\scratch\ExpenseTracker\ExpenseTracker.csproj]
C:\Users\joshu\.gemini\antigravity\scratch\ExpenseTracker\obj\Debug\net10.0\Microsoft.CodeAnalysis.Razor.Compiler\Microsoft.NET.Sdk.Razor.SourceGenerators.RazorSourceGenerator\Views_Home_Index_cshtml.g.cs(338,13): error CS0501: 'Views_Home_Index.Views_Home_Index()' must declare a body because it is not marked abstract, extern, or partial [C:\Users\joshu\.gemini\antigravity\scratch\ExpenseTracker\ExpenseTracker.csproj]
C:\Users\joshu\.gemini\antigravity\scratch\ExpenseTracker\Views\Home\Index.cshtml(98,112): error CS0246: The type or namespace name 'alert' could not be found (are you missing a using directive or an assembly reference?) [C:\Users\joshu\.gemini\antigravity\scratch\ExpenseTracker\ExpenseTracker.csproj]
C:\Users\joshu\.gemini\antigravity\scratch\ExpenseTracker\Views\Home\Index.cshtml(98,135): error CS0246: The type or namespace name 'span' could not be found (are you missing a using directive or an assembly reference?) [C:\Users\joshu\.gemini\antigravity\scratch\ExpenseTracker\ExpenseTracker.csproj]

Build FAILED.

C:\Users\joshu\.gemini\antigravity\scratch\ExpenseTracker\obj\Debug\net10.0\Microsoft.CodeAnalysis.Razor.Compiler\Microsoft.NET.Sdk.Razor.SourceGenerators.RazorSourceGenerator\Views_Home_Index_cshtml.g.cs(347,13): error CS8802: Only one compilation unit can have top-level statements. [C:\Users\joshu\.gemini\antigravity\scratch\ExpenseTracker\ExpenseTracker.csproj]
C:\Users\joshu\.gemini\antigravity\scratch\ExpenseTracker\obj\Debug\net10.0\Microsoft.CodeAnalysis.Razor.Compiler\Microsoft.NET.Sdk.Razor.SourceGenerators.RazorSourceGenerator\Views_Home_Index_cshtml.g.cs(829,87): error CS0116: A namespace cannot directly contain members such as fields, methods or statements [C:\Users\joshu\.gemini\antigravity\scratch\ExpenseTracker\ExpenseTracker.csproj]
C:\Users\joshu\.gemini\antigravity\scratch\ExpenseTracker\obj\Debug\net10.0\Microsoft.CodeAnalysis.Razor.Compiler\Microsoft.NET.Sdk.Razor.SourceGenerators.RazorSourceGenerator\Views_Home_Index_cshtml.g.cs(833,60): error CS0116: A namespace cannot directly contain members such as fields, methods or statements [C:\Users\joshu\.gemini\antigravity\scratch\ExpenseTracker\ExpenseTracker.csproj]
C:\Users\joshu\.gemini\antigravity\scratch\ExpenseTracker\obj\Debug\net10.0\Microsoft.CodeAnalysis.Razor.Compiler\Microsoft.NET.Sdk.Razor.SourceGenerators.RazorSourceGenerator\Views_Home_Index_cshtml.g.cs(837,70): error CS0116: A namespace cannot directly contain members such as fields, methods or statements [C:\Users\joshu\.gemini\antigravity\scratch\ExpenseTracker\ExpenseTracker.csproj]
C:\Users\joshu\.gemini\antigravity\scratch\ExpenseTracker\obj\Debug\net10.0\Microsoft.CodeAnalysis.Razor.Compiler\Microsoft.NET.Sdk.Razor.SourceGenerators.RazorSourceGenerator\Views_Home_Index_cshtml.g.cs(841,71): error CS0116: A namespace cannot directly contain members such as fields, methods or statements [C:\Users\joshu\.gemini\antigravity\scratch\ExpenseTracker\ExpenseTracker.csproj]
C:\Users\joshu\.gemini\antigravity\scratch\ExpenseTracker\obj\Debug\net10.0\Microsoft.CodeAnalysis.Razor.Compiler\Microsoft.NET.Sdk.Razor.SourceGenerators.RazorSourceGenerator\Views_Home_Index_cshtml.g.cs(338,13): error CS1520: Method must have a return type [C:\Users\joshu\.gemini\antigravity\scratch\ExpenseTracker\ExpenseTracker.csproj]
C:\Users\joshu\.gemini\antigravity\scratch\ExpenseTracker\obj\Debug\net10.0\Microsoft.CodeAnalysis.Razor.Compiler\Microsoft.NET.Sdk.Razor.SourceGenerators.RazorSourceGenerator\Views_Home_Index_cshtml.g.cs(338,13): error CS0501: 'Views_Home_Index.Views_Home_Index()' must declare a body because it is not marked abstract, extern, or partial [C:\Users\joshu\.gemini\antigravity\scratch\ExpenseTracker\ExpenseTracker.csproj]
C:\Users\joshu\.gemini\antigravity\scratch\ExpenseTracker\Views\Home\Index.cshtml(98,112): error CS0246: The type or namespace name 'alert' could not be found (are you missing a using directive or an assembly reference?) [C:\Users\joshu\.gemini\antigravity\scratch\ExpenseTracker\ExpenseTracker.csproj]
C:\Users\joshu\.gemini\antigravity\scratch\ExpenseTracker\Views\Home\Index.cshtml(98,135): error CS0246: The type or namespace name 'span' could not be found (are you missing a using directive or an assembly reference?) [C:\Users\joshu\.gemini\antigravity\scratch\ExpenseTracker\ExpenseTracker.csproj]
    0 Warning(s)
    9 Error(s)

Time Elapsed 00:00:02.53
